../Core/Src/main.c:61:7:convertAcc	32	static
../Core/Src/main.c:69:7:convertGyro	32	static
../Core/Src/main.c:77:6:send_euler_angles	16	static
../Core/Src/main.c:107:5:main	16	static
../Core/Src/main.c:187:6:SystemClock_Config	96	static
../Core/Src/main.c:237:13:MX_I2C1_Init	8	static
../Core/Src/main.c:285:13:MX_TIM1_Init	40	static
../Core/Src/main.c:332:13:MX_USART2_UART_Init	8	static
../Core/Src/main.c:367:13:MX_GPIO_Init	48	static
../Core/Src/main.c:407:6:Error_Handler	4	static,ignoring_inline_asm
